Microchip MPLAB XC8 Compiler V2.32

Linker command line:

-W-3 --edf=C:\Program Files\Microchip\xc8\v2.32\pic\dat\en_msgs.txt -cn \
  -h+dist/default/production\Prj_fim.X.production.sym \
  --cmf=dist/default/production\Prj_fim.X.production.cmf -z -Q18F4520 \
  -oC:\Users\Pedro_PC\AppData\Local\Temp\xcAs3dc.5 --defsym=__MPLAB_BUILD=1 \
  -Mdist/default/production/Prj_fim.X.production.map -E1 -ver=XC8 Compiler \
  --acfsm=1493 -ASTACK=080h-05FFh -pstack=STACK -ACODE=00h-07FFFh \
  -ACONST=00h-07FFFh -ASMALLCONST=0600h-06FFhx122 \
  -AMEDIUMCONST=0600h-07FFFh -ACOMRAM=01h-07Fh -AABS1=00h-05FFh \
  -ABIGRAM=01h-05FFh -ARAM=080h-0FFh,0100h-01FFhx5 -ABANK0=080h-0FFh \
  -ABANK1=0100h-01FFh -ABANK2=0200h-02FFh -ABANK3=0300h-03FFh \
  -ABANK4=0400h-04FFh -ABANK5=0500h-05FFh -ASFR=0F80h-0FFFh \
  -ACONFIG=0300000h-030000Dh -AIDLOC=0200000h-0200007h \
  -AEEDATA=0F00000h-0F000FFh -peeprom_data=EEDATA \
  -preset_vec=00h,intcode,intcodelo,powerup,init -pramtop=0600h \
  -psmallconst=SMALLCONST -pmediumconst=MEDIUMCONST -pconst=CONST \
  -AFARRAM=00h-00h \
  -prdata=COMRAM,nvrram=COMRAM,nvbit=COMRAM,rbss=COMRAM,rbit=COMRAM \
  -pfarbss=FARRAM,fardata=FARRAM,nvFARRAM=FARRAM \
  -pintsave_regs=BIGRAM,bigbss=BIGRAM,bigdata=BIGRAM -pbss=RAM \
  -pidata=CODE,irdata=CODE,ibigdata=CODE,ifardata=CODE -prparam=COMRAM \
  C:\Users\Pedro_PC\AppData\Local\Temp\xcAs3dc.o \
  dist/default/production\Prj_fim.X.production.o 

Object code version is 3.11

Machine type is 18F4520



                Name                               Link     Load   Length Selector   Space Scale
C:\Users\Pedro_PC\AppData\Local\Temp\xcAs3dc.o
                idloc                            200000   200000        8        0       5
                config                           300000   300000        E        0       4
                init                                  0        0        4        0       0
dist/default/production\Prj_fim.X.production.o
                idloc                            200000   200000        8        0       5
                config                           300000   300000        E        0       4
                smallconst                          600      600       56      300       0
                text37                              BFA      BFA      42A      32B       0
                text36                             1B8C     1B8C      106      32B       0
                text35                             14C0     14C0      1B4      32B       0
                text34                             1272     1272      24E      32B       0
                text33                             220A     220A       48      32B       0
                text32                             216C     216C       50      32B       0
                text31                             17E0     17E0      16A      32B       0
                text30                             1024     1024      24E      32B       0
                text29                             2398     2398       2A      32B       0
                text28                             236E     236E       2A      32B       0
                text27                             21BC     21BC       4E      32B       0
                text26                             194A     194A      136      32B       0
                text25                             2294     2294       3E      32B       0
                text24                             230C     230C       32      32B       0
                text23                             24A0     24A0        A      32B       0
                text22                             233E     233E       30      32B       0
                text21                             24AA     24AA        2      32B       0
                text20                             2252     2252       42      32B       0
                text19                             200E     200E       5A      32B       0
                text18                             2452     2452       1E      32B       0
                text17                             240E     240E       26      32B       0
                text16                             1D56     1D56       B4      32B       0
                text15                             1C92     1C92       C4      32B       0
                text14                             1E0A     1E0A       B0      32B       0
                text13                             2434     2434       1E      32B       0
                text12                             1F2E     1F2E       74      32B       0
                text11                             22D2     22D2       3A      32B       0
                text10                             2116     2116       56      32B       0
                text9                              1A80     1A80      10C      32B       0
                text8                              23E8     23E8       26      32B       0
                text7                              2470     2470       1A      32B       0
                text6                              1EBA     1EBA       74      32B       0
                text5                              23C2     23C2       26      32B       0
                text4                              1FA2     1FA2       6C      32B       0
                text3                              2068     2068       58      32B       0
                text2                              20C0     20C0       56      32B       0
                text1                              1674     1674      16C      32B       0
                text0                               656      656      5A4      32B       0
                cstackCOMRAM                          1        1       43        1       1
                bssCOMRAM                            44       44        C        1       1
                cinit                              248A     248A       16      32B       0

TOTAL           Name                               Link     Load   Length     Space
        CLASS   STACK          

        CLASS   CODE           
                init                                  0        0        4         0
                text37                              BFA      BFA      42A         0
                text36                             1B8C     1B8C      106         0
                text35                             14C0     14C0      1B4         0
                text34                             1272     1272      24E         0
                text33                             220A     220A       48         0
                text32                             216C     216C       50         0
                text31                             17E0     17E0      16A         0
                text30                             1024     1024      24E         0
                text29                             2398     2398       2A         0
                text28                             236E     236E       2A         0
                text27                             21BC     21BC       4E         0
                text26                             194A     194A      136         0
                text25                             2294     2294       3E         0
                text24                             230C     230C       32         0
                text23                             24A0     24A0        A         0
                text22                             233E     233E       30         0
                text21                             24AA     24AA        2         0
                text20                             2252     2252       42         0
                text19                             200E     200E       5A         0
                text18                             2452     2452       1E         0
                text17                             240E     240E       26         0
                text16                             1D56     1D56       B4         0
                text15                             1C92     1C92       C4         0
                text14                             1E0A     1E0A       B0         0
                text13                             2434     2434       1E         0
                text12                             1F2E     1F2E       74         0
                text11                             22D2     22D2       3A         0
                text10                             2116     2116       56         0
                text9                              1A80     1A80      10C         0
                text8                              23E8     23E8       26         0
                text7                              2470     2470       1A         0
                text6                              1EBA     1EBA       74         0
                text5                              23C2     23C2       26         0
                text4                              1FA2     1FA2       6C         0
                text3                              2068     2068       58         0
                text2                              20C0     20C0       56         0
                text1                              1674     1674      16C         0
                text0                               656      656      5A4         0
                cinit                              248A     248A       16         0

        CLASS   CONST          

        CLASS   SMALLCONST     
                smallconst                          600      600       56         0

        CLASS   MEDIUMCONST    

        CLASS   COMRAM         
                cstackCOMRAM                          1        1       43         1
                bssCOMRAM                            44       44        C         1

        CLASS   ABS1           

        CLASS   BIGRAM         

        CLASS   RAM            

        CLASS   BANK0          

        CLASS   BANK1          

        CLASS   BANK2          

        CLASS   BANK3          

        CLASS   BANK4          

        CLASS   BANK5          

        CLASS   SFR            

        CLASS   CONFIG         
                config                           300000   300000        E         4

        CLASS   IDLOC          
                idloc                            200000   200000        8         5

        CLASS   EEDATA         

        CLASS   FARRAM         



SEGMENTS        Name                           Load    Length   Top    Selector   Space  Class

                reset_vec                      000000  000004  000004         0       0  CODE    
                cstackCOMRAM                   000001  00004F  000050         1       1  COMRAM  
                smallconst                     000600  000056  000656       300       0  SMALLCON
                text0                          000656  001E56  0024AC       32B       0  CODE    


UNUSED ADDRESS RANGES

        Name                Unused          Largest block    Delta
        BANK0            000080-0000FF               80
        BANK1            000100-0001FF              100
        BANK2            000200-0002FF              100
        BANK3            000300-0003FF              100
        BANK4            000400-0004FF              100
        BANK5            000500-0005FF              100
        BIGRAM           000050-0005FF              5B0
        CODE             000004-0005FF              5FC
                         0024AC-007FFF             5B54
        COMRAM           000050-00007F               30
        CONST            000004-0005FF              5FC
                         0024AC-007FFF             5B54
        EEDATA           F00000-F000FF              100
        MEDIUMCONST      0024AC-007FFF             5B54
        RAM              000080-0005FF              100
        SFR              000F80-000FFF               80
        SMALLCONST       0024AC-007FFF              100
        STACK            000080-0005FF              580

                                  Symbol Table

?___aldiv                cstackCOMRAM 000001
?___awdiv                cstackCOMRAM 000001
?___awmod                cstackCOMRAM 000009
?___flmul                cstackCOMRAM 000013
?___fltol                cstackCOMRAM 00002C
?___lwdiv                cstackCOMRAM 000001
?___wmul                 cstackCOMRAM 000001
?___xxtofl               cstackCOMRAM 000005
?_adcRead                cstackCOMRAM 000001
?_digitalRead            cstackCOMRAM 000001
?_kpRead                 cstackCOMRAM 000001
_ADCON0                  (abs)        000FC2
_ADCON1                  (abs)        000FC1
_ADCON2                  (abs)        000FC0
_ADRESH                  (abs)        000FC4
_ADRESL                  (abs)        000FC3
_CCP2CON                 (abs)        000FBA
_CCPR2L                  (abs)        000FBB
_PORTA                   (abs)        000F80
_PORTB                   (abs)        000F81
_PORTC                   (abs)        000F82
_PORTD                   (abs)        000F83
_PORTE                   (abs)        000F84
_PR2                     (abs)        000FCB
_PulseClockData          text29       002398
_PulseEnClock            text28       00236E
_T2CON                   (abs)        000FCA
_TRISA                   (abs)        000F92
_TRISB                   (abs)        000F93
_TRISC                   (abs)        000F94
_TRISD                   (abs)        000F95
_TRISE                   (abs)        000F96
__HRAM                   (abs)        000000
__Habs1                  abs1         000000
__Hbank0                 bank0        000000
__Hbank1                 bank1        000000
__Hbank2                 bank2        000000
__Hbank3                 bank3        000000
__Hbank4                 bank4        000000
__Hbank5                 bank5        000000
__Hbigbss                bigbss       000000
__Hbigdata               bigdata      000000
__Hbigram                bigram       000000
__Hbss                   bss          000000
__HbssCOMRAM             bssCOMRAM    000000
__Hcinit                 cinit        000000
__Hclrtext               clrtext      000000
__Hcomram                comram       000000
__Hconfig                config       30000E
__Hconst                 const        000000
__HcstackCOMRAM          cstackCOMRAM 000000
__Hdata                  data         000000
__Heeprom_data           eeprom_data  000000
__Hfarbss                farbss       000000
__Hfardata               fardata      000000
__Hibigdata              ibigdata     000000
__Hidata                 idata        000000
__Hidloc                 idloc        200008
__Hifardata              ifardata     000000
__Hinit                  init         000004
__Hintcode               intcode      000000
__Hintcode_body          intcode_body 000000
__Hintcodelo             intcodelo    000000
__Hintentry              intentry     000000
__Hintret                intret       000000
__Hintsave_regs          intsave_regs 000000
__Hirdata                irdata       000000
__Hmediumconst           mediumconst  000000
__HnvFARRAM              nvFARRAM     000000
__Hnvbit                 nvbit        000000
__Hnvrram                nvrram       000000
__Hparam                 rparam       000000
__Hpowerup               powerup      000000
__Hram                   ram          000000
__Hramtop                ramtop       000600
__Hrbit                  rbit         000000
__Hrbss                  rbss         000000
__Hrdata                 rdata        000000
__Hreset_vec             reset_vec    000000
__Hrparam                rparam       000000
__Hsfr                   sfr          000000
__Hsmallconst            smallconst   000656
__Hspace_0               (abs)        0024AC
__Hspace_1               (abs)        000050
__Hspace_2               (abs)        000000
__Hspace_4               (abs)        60000E
__Hstack                 stack        000000
__Hstruct                struct       000000
__Htemp                  temp         000000
__Htext                  text         000000
__Htext0                 text0        000000
__Htext1                 text1        000000
__Htext10                text10       000000
__Htext11                text11       000000
__Htext12                text12       000000
__Htext13                text13       000000
__Htext14                text14       000000
__Htext15                text15       000000
__Htext16                text16       000000
__Htext17                text17       000000
__Htext18                text18       000000
__Htext19                text19       000000
__Htext2                 text2        000000
__Htext20                text20       000000
__Htext21                text21       000000
__Htext22                text22       000000
__Htext23                text23       000000
__Htext24                text24       000000
__Htext25                text25       000000
__Htext26                text26       000000
__Htext27                text27       000000
__Htext28                text28       000000
__Htext29                text29       000000
__Htext3                 text3        000000
__Htext30                text30       000000
__Htext31                text31       000000
__Htext32                text32       000000
__Htext33                text33       000000
__Htext34                text34       000000
__Htext35                text35       000000
__Htext36                text36       000000
__Htext37                text37       000000
__Htext4                 text4        000000
__Htext5                 text5        000000
__Htext6                 text6        000000
__Htext7                 text7        000000
__Htext8                 text8        000000
__Htext9                 text9        000000
__LRAM                   (abs)        000001
__Labs1                  abs1         000000
__Lbank0                 bank0        000000
__Lbank1                 bank1        000000
__Lbank2                 bank2        000000
__Lbank3                 bank3        000000
__Lbank4                 bank4        000000
__Lbank5                 bank5        000000
__Lbigbss                bigbss       000000
__Lbigdata               bigdata      000000
__Lbigram                bigram       000000
__Lbss                   bss          000000
__LbssCOMRAM             bssCOMRAM    000000
__Lcinit                 cinit        000000
__Lclrtext               clrtext      000000
__Lcomram                comram       000000
__Lconfig                config       000000
__Lconst                 const        000000
__LcstackCOMRAM          cstackCOMRAM 000000
__Ldata                  data         000000
__Leeprom_data           eeprom_data  000000
__Lfarbss                farbss       000000
__Lfardata               fardata      000000
__Libigdata              ibigdata     000000
__Lidata                 idata        000000
__Lidloc                 idloc        000000
__Lifardata              ifardata     000000
__Linit                  init         000000
__Lintcode               intcode      000000
__Lintcode_body          intcode_body 000000
__Lintcodelo             intcodelo    000000
__Lintentry              intentry     000000
__Lintret                intret       000000
__Lintsave_regs          intsave_regs 000000
__Lirdata                irdata       000000
__Lmediumconst           mediumconst  000000
__LnvFARRAM              nvFARRAM     000000
__Lnvbit                 nvbit        000000
__Lnvrram                nvrram       000000
__Lparam                 rparam       000000
__Lpowerup               powerup      000000
__Lram                   ram          000000
__Lramtop                ramtop       000600
__Lrbit                  rbit         000000
__Lrbss                  rbss         000000
__Lrdata                 rdata        000000
__Lreset_vec             reset_vec    000000
__Lrparam                rparam       000000
__Lsfr                   sfr          000000
__Lsmallconst            smallconst   000600
__Lspace_0               (abs)        000000
__Lspace_1               (abs)        000000
__Lspace_2               (abs)        000000
__Lspace_4               (abs)        000000
__Lstack                 stack        000000
__Lstruct                struct       000000
__Ltemp                  temp         000000
__Ltext                  text         000000
__Ltext0                 text0        000000
__Ltext1                 text1        000000
__Ltext10                text10       000000
__Ltext11                text11       000000
__Ltext12                text12       000000
__Ltext13                text13       000000
__Ltext14                text14       000000
__Ltext15                text15       000000
__Ltext16                text16       000000
__Ltext17                text17       000000
__Ltext18                text18       000000
__Ltext19                text19       000000
__Ltext2                 text2        000000
__Ltext20                text20       000000
__Ltext21                text21       000000
__Ltext22                text22       000000
__Ltext23                text23       000000
__Ltext24                text24       000000
__Ltext25                text25       000000
__Ltext26                text26       000000
__Ltext27                text27       000000
__Ltext28                text28       000000
__Ltext29                text29       000000
__Ltext3                 text3        000000
__Ltext30                text30       000000
__Ltext31                text31       000000
__Ltext32                text32       000000
__Ltext33                text33       000000
__Ltext34                text34       000000
__Ltext35                text35       000000
__Ltext36                text36       000000
__Ltext37                text37       000000
__Ltext4                 text4        000000
__Ltext5                 text5        000000
__Ltext6                 text6        000000
__Ltext7                 text7        000000
__Ltext8                 text8        000000
__Ltext9                 text9        000000
__S0                     (abs)        0024AC
__S1                     (abs)        000050
__S2                     (abs)        000000
__S4                     (abs)        000000
__S5                     (abs)        000000
___aldiv                 text9        001A80
___aldiv@counter         cstackCOMRAM 000009
___aldiv@dividend        cstackCOMRAM 000001
___aldiv@divisor         cstackCOMRAM 000005
___aldiv@quotient        cstackCOMRAM 00000B
___aldiv@sign            cstackCOMRAM 00000A
___awdiv                 text15       001C92
___awdiv@counter         cstackCOMRAM 000005
___awdiv@dividend        cstackCOMRAM 000001
___awdiv@divisor         cstackCOMRAM 000003
___awdiv@quotient        cstackCOMRAM 000007
___awdiv@sign            cstackCOMRAM 000006
___awmod                 text14       001E0A
___awmod@counter         cstackCOMRAM 00000D
___awmod@dividend        cstackCOMRAM 000009
___awmod@divisor         cstackCOMRAM 00000B
___awmod@sign            cstackCOMRAM 00000E
___flmul                 text37       000BFA
___flmul@a               cstackCOMRAM 000017
___flmul@aexp            cstackCOMRAM 000024
___flmul@b               cstackCOMRAM 000013
___flmul@bexp            cstackCOMRAM 000025
___flmul@grs             cstackCOMRAM 000020
___flmul@prod            cstackCOMRAM 000026
___flmul@sign            cstackCOMRAM 00001F
___flmul@temp            cstackCOMRAM 00002A
___fltol                 text36       001B8C
___fltol@exp1            cstackCOMRAM 000035
___fltol@f1              cstackCOMRAM 00002C
___fltol@sign1           cstackCOMRAM 000034
___inthi_sp              stack        000000
___intlo_sp              stack        000000
___lwdiv                 text6        001EBA
___lwdiv@counter         cstackCOMRAM 000007
___lwdiv@dividend        cstackCOMRAM 000001
___lwdiv@divisor         cstackCOMRAM 000003
___lwdiv@quotient        cstackCOMRAM 000005
___param_bank            (abs)        000000
___rparam_used           (abs)        000001
___sp                    stack        000000
___wmul                  text5        0023C2
___wmul@multiplicand     cstackCOMRAM 000003
___wmul@multiplier       cstackCOMRAM 000001
___wmul@product          cstackCOMRAM 000005
___xxtofl                text35       0014C0
___xxtofl@arg            cstackCOMRAM 00000F
___xxtofl@exp            cstackCOMRAM 00000E
___xxtofl@sign           cstackCOMRAM 00000D
___xxtofl@val            cstackCOMRAM 000005
__accesstop              (abs)        000080
__activetblptr           (abs)        000002
__end_of_PulseClockData  text29       0023C2
__end_of_PulseEnClock    text28       002398
__end_of___aldiv         text9        001B8C
__end_of___awdiv         text15       001D56
__end_of___awmod         text14       001EBA
__end_of___flmul         text37       001024
__end_of___fltol         text36       001C92
__end_of___lwdiv         text6        001F2E
__end_of___wmul          text5        0023E8
__end_of___xxtofl        text35       001674
__end_of__initialization cinit        002496
__end_of_adcInit         text33       002252
__end_of_adcRead         text32       0021BC
__end_of_charKey         smallconst   00061B
__end_of_delayMicro      text21       0024AC
__end_of_delayMili       text22       00236E
__end_of_digitalRead     text31       00194A
__end_of_digitalWrite    text30       001272
__end_of_kpDebounce      text26       001A80
__end_of_kpInit          text24       00233E
__end_of_kpRead          text23       0024AA
__end_of_lcdChar         text13       002452
__end_of_lcdCommand      text18       002470
__end_of_lcdInit         text16       001E0A
__end_of_lcdNumber       text12       001FA2
__end_of_lcdPosition     text11       00230C
__end_of_lcdString       text10       00216C
__end_of_main            text0        000BFA
__end_of_pinMode         text34       0014C0
__end_of_pulseEnablePin  text20       002294
__end_of_pushByte        text19       002068
__end_of_pushNibble      text17       002434
__end_of_pwmFrequency    text8        00240E
__end_of_pwmInit         text7        00248A
__end_of_pwmSet          text4        00200E
__end_of_soInit          text25       0022D2
__end_of_soWrite         text27       00220A
__end_of_ssdDigit        text3        0020C0
__end_of_ssdInit         text2        002116
__end_of_ssdUpdate       text1        0017E0
__end_of_valor           smallconst   000611
__initialization         cinit        00248A
__mediumconst            mediumconst  000000
__pbssCOMRAM             bssCOMRAM    000044
__pcinit                 cinit        00248A
__pcstackCOMRAM          cstackCOMRAM 000001
__psmallconst            smallconst   000600
__ptext0                 text0        000656
__ptext1                 text1        001674
__ptext10                text10       002116
__ptext11                text11       0022D2
__ptext12                text12       001F2E
__ptext13                text13       002434
__ptext14                text14       001E0A
__ptext15                text15       001C92
__ptext16                text16       001D56
__ptext17                text17       00240E
__ptext18                text18       002452
__ptext19                text19       00200E
__ptext2                 text2        0020C0
__ptext20                text20       002252
__ptext21                text21       0024AA
__ptext22                text22       00233E
__ptext23                text23       0024A0
__ptext24                text24       00230C
__ptext25                text25       002294
__ptext26                text26       00194A
__ptext27                text27       0021BC
__ptext28                text28       00236E
__ptext29                text29       002398
__ptext3                 text3        002068
__ptext30                text30       001024
__ptext31                text31       0017E0
__ptext32                text32       00216C
__ptext33                text33       00220A
__ptext34                text34       001272
__ptext35                text35       0014C0
__ptext36                text36       001B8C
__ptext37                text37       000BFA
__ptext4                 text4        001FA2
__ptext5                 text5        0023C2
__ptext6                 text6        001EBA
__ptext7                 text7        002470
__ptext8                 text8        0023E8
__ptext9                 text9        001A80
__ramtop                 ramtop       000600
__size_of_PulseClockData (abs)        000000
__size_of_PulseEnClock   (abs)        000000
__size_of___aldiv        (abs)        000000
__size_of___awdiv        (abs)        000000
__size_of___awmod        (abs)        000000
__size_of___flmul        (abs)        000000
__size_of___fltol        (abs)        000000
__size_of___lwdiv        (abs)        000000
__size_of___wmul         (abs)        000000
__size_of___xxtofl       (abs)        000000
__size_of_adcInit        (abs)        000000
__size_of_adcRead        (abs)        000000
__size_of_delayMicro     (abs)        000000
__size_of_delayMili      (abs)        000000
__size_of_digitalRead    (abs)        000000
__size_of_digitalWrite   (abs)        000000
__size_of_kpDebounce     (abs)        000000
__size_of_kpInit         (abs)        000000
__size_of_kpRead         (abs)        000000
__size_of_lcdChar        (abs)        000000
__size_of_lcdCommand     (abs)        000000
__size_of_lcdInit        (abs)        000000
__size_of_lcdNumber      (abs)        000000
__size_of_lcdPosition    (abs)        000000
__size_of_lcdString      (abs)        000000
__size_of_main           (abs)        000000
__size_of_pinMode        (abs)        000000
__size_of_pulseEnablePin (abs)        000000
__size_of_pushByte       (abs)        000000
__size_of_pushNibble     (abs)        000000
__size_of_pwmFrequency   (abs)        000000
__size_of_pwmInit        (abs)        000000
__size_of_pwmSet         (abs)        000000
__size_of_soInit         (abs)        000000
__size_of_soWrite        (abs)        000000
__size_of_ssdDigit       (abs)        000000
__size_of_ssdInit        (abs)        000000
__size_of_ssdUpdate      (abs)        000000
__smallconst             smallconst   000600
_adcInit                 text33       00220A
_adcRead                 text32       00216C
_delayMicro              text21       0024AA
_delayMili               text22       00233E
_digitalRead             text31       0017E0
_digitalWrite            text30       001024
_display                 bssCOMRAM    00004E
_keys                    bssCOMRAM    000048
_kpDebounce              text26       00194A
_kpInit                  text24       00230C
_kpRead                  text23       0024A0
_lcdChar                 text13       002434
_lcdCommand              text18       002452
_lcdInit                 text16       001D56
_lcdNumber               text12       001F2E
_lcdPosition             text11       0022D2
_lcdString               text10       002116
_main                    text0        000656
_pinMode                 text34       001272
_pulseEnablePin          text20       002252
_pushByte                text19       00200E
_pushNibble              text17       00240E
_pwmFrequency            text8        0023E8
_pwmInit                 text7        002470
_pwmSet                  text4        001FA2
_soInit                  text25       002294
_soWrite                 text27       0021BC
_ssdDigit                text3        002068
_ssdInit                 text2        0020C0
_ssdUpdate               text1        001674
_v0                      bssCOMRAM    00004D
_v1                      bssCOMRAM    00004C
_v2                      bssCOMRAM    00004B
_v3                      bssCOMRAM    00004A
_valor                   smallconst   000601
adcRead@ADvalor          cstackCOMRAM 000003
adcRead@channel          cstackCOMRAM 000001
delayMicro@a             cstackCOMRAM 000001
delayMili@a              cstackCOMRAM 000001
delayMili@i              cstackCOMRAM 000004
digitalRead@pin          cstackCOMRAM 000001
digitalWrite@pin         cstackCOMRAM 000001
digitalWrite@value       cstackCOMRAM 000003
end_of_initialization    cinit        002496
intlevel0                text         000000
intlevel1                text         000000
intlevel2                text         000000
intlevel3                text         000000
isa$std                  (abs)        000001
isa$xinst                (abs)        000000
kpDebounce@i             cstackCOMRAM 00000D
kpDebounce@newRead       bssCOMRAM    000046
kpDebounce@oldRead       bssCOMRAM    000044
kpDebounce@tempo         bssCOMRAM    00004F
lcdChar@value            cstackCOMRAM 00000E
lcdCommand@value         cstackCOMRAM 00000E
lcdNumber@i              cstackCOMRAM 000011
lcdNumber@value          cstackCOMRAM 00000F
lcdPosition@col          cstackCOMRAM 000011
lcdPosition@line         cstackCOMRAM 00000F
lcdString@i              cstackCOMRAM 000013
lcdString@msg            cstackCOMRAM 00000F
main@dis                 cstackCOMRAM 00003A
main@i                   cstackCOMRAM 000038
main@j                   cstackCOMRAM 000042
main@s                   cstackCOMRAM 00003C
main@tecla               cstackCOMRAM 000040
main@v                   cstackCOMRAM 00003E
main@volume              cstackCOMRAM 000036
pinMode@pin              cstackCOMRAM 000001
pinMode@type             cstackCOMRAM 000003
pushByte@rs              cstackCOMRAM 00000A
pushByte@value           cstackCOMRAM 00000D
pushNibble@rs            cstackCOMRAM 00000A
pushNibble@value         cstackCOMRAM 00000C
pwmFrequency@freq        cstackCOMRAM 00000F
pwmSet@porcento          cstackCOMRAM 00000A
pwmSet@val               cstackCOMRAM 00000B
soWrite@i                cstackCOMRAM 000009
soWrite@value            cstackCOMRAM 000007
ssdDigit@pos             cstackCOMRAM 00000F
ssdDigit@val             cstackCOMRAM 000010
stackhi                  (abs)        0005FF
stacklo                  (abs)        000080
start                    init         000000
start_initialization     cinit        00248A


MODULE INFORMATION

Module		Function		Class		Link	Load	Size
ssd.c
		_ssdInit       		CODE           	20C0	0000	86
		_ssdDigit      		CODE           	2068	0000	88
		_ssdUpdate     		CODE           	1674	0000	364

ssd.c estimated size: 538

C:\Program Files\Microchip\xc8\v2.32\pic\sources\c99\common\awdiv.c
		___awdiv       		CODE           	1C92	0000	196

C:\Program Files\Microchip\xc8\v2.32\pic\sources\c99\common\awdiv.c estimated size: 196

C:\Program Files\Microchip\xc8\v2.32\pic\sources\c99\common\aldiv.c
		___aldiv       		CODE           	1A80	0000	268

C:\Program Files\Microchip\xc8\v2.32\pic\sources\c99\common\aldiv.c estimated size: 268

keypad.c
		_kpInit        		CODE           	230C	0000	50
		_kpDebounce    		CODE           	194A	0000	310
		_kpRead        		CODE           	24A0	0000	10

keypad.c estimated size: 370

so.c
		_soInit        		CODE           	2294	0000	62
		_soWrite       		CODE           	21BC	0000	78
		_PulseEnClock  		CODE           	236E	0000	42
		_PulseClockData		CODE           	2398	0000	42

so.c estimated size: 224

io.c
		_digitalRead   		CODE           	17E0	0000	362
		_digitalWrite  		CODE           	1024	0000	590
		_pinMode       		CODE           	1272	0000	590

io.c estimated size: 1542

pwm.c
		_pwmInit       		CODE           	2470	0000	26
		_pwmFrequency  		CODE           	23E8	0000	38
		_pwmSet        		CODE           	1FA2	0000	108

pwm.c estimated size: 172

C:\Program Files\Microchip\xc8\v2.32\pic\sources\c99\common\Umul16.c
		___wmul        		CODE           	23C2	0000	38

C:\Program Files\Microchip\xc8\v2.32\pic\sources\c99\common\Umul16.c estimated size: 38

adc.c
		_adcRead       		CODE           	216C	0000	80
		_adcInit       		CODE           	220A	0000	72

adc.c estimated size: 152

shared
		_valor         		SMALLCONST     	0601	0000	16
		_charKey       		SMALLCONST     	0000	0000	0
		__initialization		CODE           	248A	0000	12

shared estimated size: 28

C:\Program Files\Microchip\xc8\v2.32\pic\sources\c99\common\sprcmul.c
		___flmul       		CODE           	0BFA	0000	1066

C:\Program Files\Microchip\xc8\v2.32\pic\sources\c99\common\sprcmul.c estimated size: 1066

C:\Program Files\Microchip\xc8\v2.32\pic\sources\c99\common\awmod.c
		___awmod       		CODE           	1E0A	0000	176

C:\Program Files\Microchip\xc8\v2.32\pic\sources\c99\common\awmod.c estimated size: 176

C:\Program Files\Microchip\xc8\v2.32\pic\sources\c99\common\lwdiv.c
		___lwdiv       		CODE           	1EBA	0000	116

C:\Program Files\Microchip\xc8\v2.32\pic\sources\c99\common\lwdiv.c estimated size: 116

lcd.c
		_lcdCommand    		CODE           	2452	0000	30
		_lcdChar       		CODE           	2434	0000	30
		_lcdString     		CODE           	2116	0000	86
		_pulseEnablePin		CODE           	2252	0000	66
		_lcdNumber     		CODE           	1F2E	0000	116
		_pushByte      		CODE           	200E	0000	90
		_lcdPosition   		CODE           	22D2	0000	58
		_pushNibble    		CODE           	240E	0000	38
		_lcdInit       		CODE           	1D56	0000	180
		_delayMili     		CODE           	233E	0000	48
		_delayMicro    		CODE           	24AA	0000	2

lcd.c estimated size: 744

C:\Program Files\Microchip\xc8\v2.32\pic\sources\c99\common\fltol.c
		___fltol       		CODE           	1B8C	0000	262

C:\Program Files\Microchip\xc8\v2.32\pic\sources\c99\common\fltol.c estimated size: 262

C:\Program Files\Microchip\xc8\v2.32\pic\sources\c99\common\xxtofl.c
		___xxtofl      		CODE           	14C0	0000	436

C:\Program Files\Microchip\xc8\v2.32\pic\sources\c99\common\xxtofl.c estimated size: 436

main.c
		_main          		CODE           	0656	0000	1444

main.c estimated size: 1444

